function bla() {
  return 1;
}


function hello() {
  return 2;
}
